// Jest Snapshot v1, https://goo.gl/fbAQLP

exports[`should Dashboard render 1`] = `
<div>
  Dashboard page content
</div>
`;
